// Vitest Snapshot v1

exports[`PostView > first post 1`] = `
"<main class=\\"post-view\\" data-v-5298551c=\\"\\">
  <div class=\\"post-container\\" data-v-a0662bbd=\\"\\" data-v-5298551c=\\"\\">
    <h1 data-v-a0662bbd=\\"\\">First</h1>
    <div class=\\"image-container\\" data-v-a0662bbd=\\"\\"><img class=\\"post-image\\" data-v-a0662bbd=\\"\\" src=\\"/images/first_image.png\\" alt=\\"first post\\">
      <!--v-if-->
      <!--v-if-->
    </div>
    <p data-v-a0662bbd=\\"\\">first post</p>
  </div>
</main>"
`;
