// Vitest Snapshot v1

exports[`Post component > empty post 1`] = `
"<div class=\\"post-container\\" data-v-a0662bbd=\\"\\">
  <div class=\\"image-container titleless\\" data-v-a0662bbd=\\"\\">
    <!--v-if--><img class=\\"post-image\\" data-v-a0662bbd=\\"\\">
    <!--v-if-->
    <!--v-if-->
  </div>
  <!--v-if-->
</div>"
`;
